
> vite_react_shadcn_ts@0.0.0 build
> vite build

[36mvite v5.4.19 [32mbuilding for production...[36m[39m
transforming...
Browserslist: browsers data (caniuse-lite) is 8 months old. Please run:
  npx update-browserslist-db@latest
  Why you should do it regularly: https://github.com/browserslist/update-db#readme
[32mΓ£ô[39m 1718 modules transformed.
x Build failed in 1.86s
error during build:
[vite:esbuild] Transform failed with 1 error:
C:/Antigravity/cloen locvabele reff/space-craft-buddy/src/hooks/useAnimations.ts:70:12: ERROR: Expected ">" but found "ref"
file: C:/Antigravity/cloen locvabele reff/space-craft-buddy/src/hooks/useAnimations.ts:70:12

Expected ">" but found "ref"
68 |      return (
69 |          <motion.div
70 |              ref= { ref }
   |              ^
71 |      initial = "hidden"
72 |      animate = { controls }

    at failureErrorWithLog (C:\Antigravity\cloen locvabele reff\space-craft-buddy\node_modules\esbuild\lib\main.js:1472:15)
    at C:\Antigravity\cloen locvabele reff\space-craft-buddy\node_modules\esbuild\lib\main.js:755:50
    at responseCallbacks.<computed> (C:\Antigravity\cloen locvabele reff\space-craft-buddy\node_modules\esbuild\lib\main.js:622:9)
    at handleIncomingPacket (C:\Antigravity\cloen locvabele reff\space-craft-buddy\node_modules\esbuild\lib\main.js:677:12)
    at Socket.readFromStdout (C:\Antigravity\cloen locvabele reff\space-craft-buddy\node_modules\esbuild\lib\main.js:600:7)
    at Socket.emit (node:events:508:28)
    at addChunk (node:internal/streams/readable:559:12)
    at readableAddChunkPushByteMode (node:internal/streams/readable:510:3)
    at Readable.push (node:internal/streams/readable:390:5)
    at Pipe.onStreamRead (node:internal/stream_base_commons:189:23)
